<?xml version="1.0" encoding="utf-8"?><testsuites name="pytest tests"><testsuite name="pytest" errors="0" failures="0" skipped="0" tests="72" time="15.151" timestamp="2026-01-23T01:36:33.847604+08:00" hostname="DESKTOP-AJ6NKS0"><testcase classname="tests.unit.test_arxiv_client.TestArxivClient" name="test_init" time="0.003" /><testcase classname="tests.unit.test_arxiv_client.TestArxivClient" name="test_search_arxiv_success" time="0.008" /><testcase classname="tests.unit.test_arxiv_client.TestArxivClient" name="test_filter_by_date_no_filter" time="0.001" /><testcase classname="tests.unit.test_arxiv_client.TestArxivClient" name="test_filter_by_date_within_range" time="0.001" /><testcase classname="tests.unit.test_arxiv_client.TestArxivClient" name="test_filter_by_date_before_start" time="0.001" /><testcase classname="tests.unit.test_arxiv_client.TestArxivClient" name="test_filter_by_date_after_end" time="0.001" /><testcase classname="tests.unit.test_arxiv_client.TestArxivClient" name="test_filter_by_date_naive_datetime" time="0.001" /><testcase classname="tests.unit.test_arxiv_client.TestArxivClient" name="test_filter_by_content_type_no_filter" time="0.001" /><testcase classname="tests.unit.test_arxiv_client.TestArxivClient" name="test_filter_by_content_type_journal" time="0.001" /><testcase classname="tests.unit.test_arxiv_client.TestArxivClient" name="test_filter_by_content_type_preprint" time="0.001" /><testcase classname="tests.unit.test_arxiv_client.TestArxivClient" name="test_filter_by_content_type_conference" time="0.001" /><testcase classname="tests.unit.test_arxiv_client.TestArxivClient" name="test_prepare_arxiv_metadata_success" time="0.003" /><testcase classname="tests.unit.test_arxiv_client.TestArxivClient" name="test_prepare_arxiv_metadata_error_handling" time="0.002" /><testcase classname="tests.unit.test_arxiv_client.TestArxivClient" name="test_search_arxiv_empty_results" time="0.002" /><testcase classname="tests.unit.test_arxiv_client.TestArxivClient" name="test_search_arxiv_with_date_filter" time="0.003" /><testcase classname="tests.unit.test_config_loader.TestConfigLoader" name="test_load_zotero_config_success" time="0.001" /><testcase classname="tests.unit.test_config_loader.TestConfigLoader" name="test_load_zotero_config_with_chinaxiv" time="0.001" /><testcase classname="tests.unit.test_config_loader.TestConfigLoader" name="test_load_zotero_config_missing_library_id" time="0.001" /><testcase classname="tests.unit.test_config_loader.TestConfigLoader" name="test_load_zotero_config_missing_api_key" time="0.001" /><testcase classname="tests.unit.test_config_loader.TestConfigLoader" name="test_load_zotero_config_missing_collection_key" time="0.001" /><testcase classname="tests.unit.test_config_loader.TestConfigLoader" name="test_load_zotero_config_missing_all_required" time="0.001" /><testcase classname="tests.unit.test_config_loader.TestConfigLoader" name="test_validate_env_file_exists" time="0.010" /><testcase classname="tests.unit.test_config_loader.TestConfigLoader" name="test_validate_env_file_not_exists" time="0.003" /><testcase classname="tests.unit.test_config_loader.TestConfigLoader" name="test_check_env_setup_complete" time="0.001" /><testcase classname="tests.unit.test_config_loader.TestConfigLoader" name="test_check_env_setup_incomplete" time="0.001" /><testcase classname="tests.unit.test_duplicate_detection" name="test_duplicate_detection" time="9.739" /><testcase classname="tests.unit.test_imports" name="test_imports" time="0.001" /><testcase classname="tests.unit.test_imports" name="test_search_params" time="0.001" /><testcase classname="tests.unit.test_journal_ranker.TestJournalRanker" name="test_init_default_weights" time="0.001" /><testcase classname="tests.unit.test_journal_ranker.TestJournalRanker" name="test_init_custom_weights" time="0.001" /><testcase classname="tests.unit.test_journal_ranker.TestJournalRanker" name="test_init_weights_normalization" time="0.001" /><testcase classname="tests.unit.test_journal_ranker.TestJournalRanker" name="test_init_custom_default_scores" time="0.001" /><testcase classname="tests.unit.test_journal_ranker.TestJournalRanker" name="test_normalize_value_percentile" time="0.001" /><testcase classname="tests.unit.test_journal_ranker.TestJournalRanker" name="test_normalize_value_h_index" time="0.001" /><testcase classname="tests.unit.test_journal_ranker.TestJournalRanker" name="test_normalize_value_impact_factor" time="0.001" /><testcase classname="tests.unit.test_journal_ranker.TestJournalRanker" name="test_calculate_metric_score_with_value" time="0.001" /><testcase classname="tests.unit.test_journal_ranker.TestJournalRanker" name="test_calculate_metric_score_with_none" time="0.001" /><testcase classname="tests.unit.test_journal_ranker.TestJournalRanker" name="test_calculate_metric_score_with_zero" time="0.001" /><testcase classname="tests.unit.test_journal_ranker.TestJournalRanker" name="test_calculate_composite_score_all_metrics" time="0.001" /><testcase classname="tests.unit.test_journal_ranker.TestJournalRanker" name="test_calculate_composite_score_default_fallback" time="0.001" /><testcase classname="tests.unit.test_journal_ranker.TestJournalRanker" name="test_calculate_composite_score_partial_metrics" time="0.001" /><testcase classname="tests.unit.test_journal_ranker.TestJournalRanker" name="test_rank_papers_basic" time="0.001" /><testcase classname="tests.unit.test_journal_ranker.TestJournalRanker" name="test_rank_papers_with_chinaxiv_id" time="0.001" /><testcase classname="tests.unit.test_journal_ranker.TestJournalRanker" name="test_rank_papers_no_id" time="0.001" /><testcase classname="tests.unit.test_journal_ranker.TestJournalRanker" name="test_rank_papers_missing_metrics" time="0.001" /><testcase classname="tests.unit.test_journal_ranker.TestJournalRanker" name="test_get_ranking_summary" time="0.001" /><testcase classname="tests.unit.test_journal_ranker.TestJournalRanker" name="test_get_ranking_summary_empty" time="0.001" /><testcase classname="tests.unit.test_journal_ranker.TestJournalRanker" name="test_custom_weights_ranking" time="0.001" /><testcase classname="tests.unit.test_journal_ranker.TestJournalRanker" name="test_score_rounding" time="0.001" /><testcase classname="tests.unit.test_performance.TestPerformanceMonitor" name="test_init" time="0.001" /><testcase classname="tests.unit.test_performance.TestPerformanceMonitor" name="test_track_decorator_no_args" time="0.013" /><testcase classname="tests.unit.test_performance.TestPerformanceMonitor" name="test_track_decorator_with_name" time="0.012" /><testcase classname="tests.unit.test_performance.TestPerformanceMonitor" name="test_track_multiple_calls" time="0.034" /><testcase classname="tests.unit.test_performance.TestPerformanceMonitor" name="test_track_with_error" time="0.012" /><testcase classname="tests.unit.test_performance.TestPerformanceMonitor" name="test_track_mixed_success_and_error" time="0.034" /><testcase classname="tests.unit.test_performance.TestPerformanceMonitor" name="test_get_stats_nonexistent" time="0.001" /><testcase classname="tests.unit.test_performance.TestPerformanceMonitor" name="test_get_all_stats_empty" time="0.001" /><testcase classname="tests.unit.test_performance.TestPerformanceMonitor" name="test_get_all_stats_with_data" time="0.001" /><testcase classname="tests.unit.test_performance.TestPerformanceMonitor" name="test_min_max_time" time="0.083" /><testcase classname="tests.unit.test_performance.TestPerformanceMonitor" name="test_avg_time_calculation" time="0.033" /><testcase classname="tests.unit.test_performance.TestPerformanceMonitor" name="test_generate_report_empty" time="0.001" /><testcase classname="tests.unit.test_performance.TestPerformanceMonitor" name="test_generate_report_with_data" time="0.012" /><testcase classname="tests.unit.test_performance.TestPerformanceMonitor" name="test_generate_report_sort_by" time="0.063" /><testcase classname="tests.unit.test_performance.TestPerformanceMonitor" name="test_reset" time="0.001" /><testcase classname="tests.unit.test_performance.TestPerformanceMonitor" name="test_export_stats" time="0.012" /><testcase classname="tests.unit.test_performance.TestPerformanceMonitor" name="test_global_monitor_singleton" time="0.001" /><testcase classname="tests.unit.test_performance.TestPerformanceMonitor" name="test_monitor_performance_decorator" time="0.012" /><testcase classname="tests.unit.test_performance.TestPerformanceMonitor" name="test_timeit_decorator" time="0.012" /><testcase classname="tests.unit.test_performance.TestPerformanceMonitor" name="test_last_call_timestamp" time="0.001" /><testcase classname="tests.unit.test_performance.TestPerformanceMonitor" name="test_multiple_functions_independence" time="0.046" /><testcase classname="tests.unit.test_performance.TestPerformanceMonitor" name="test_success_rate_calculation" time="0.002" /><testcase classname="tests.unit.test_performance.TestPerformanceMonitor" name="test_track_preserves_function_metadata" time="0.001" /></testsuite></testsuites>